=== Voxceleron2 Engine Log Started ===
Started at: 2025-12-20 22:23:17
Minimum log level: 2
======================================

[22:23:17.259] [INFO] [31240] [Core.cpp:37] [Oreginum::Core::initialize] Initializing Voxceleron2 Engine
[22:23:17.259] [INFO] [31240] [Core.cpp:38] [Oreginum::Core::initialize] Title: Voxceleron2, Resolution: 1920x1080
[22:23:17.259] [INFO] [31240] [Core.cpp:39] [Oreginum::Core::initialize] VSync: disabled
[22:23:17.259] [INFO] [31240] [Core.cpp:40] [Oreginum::Core::initialize] Debug mode: disabled
[22:23:17.264] [INFO] [31240] [Window.cpp:56] [Oreginum::Window::initialize] Initializing window
[22:23:17.328] [INFO] [31240] [Window.cpp:103] [Oreginum::Window::initialize] Window created successfully
[22:23:17.329] [INFO] [31240] [Renderer Core.cpp:71] [Oreginum::Renderer_Core::initialize] Initializing Renderer Core
[22:23:18.284] [INFO] [31240] [Device.cpp:12] [Oreginum::Vulkan::Device::Device] Creating Vulkan device
[22:23:18.294] [INFO] [31240] [Device.cpp:115] [Oreginum::Vulkan::Device::select_gpu] Found 2 GPU(s)
[22:23:18.313] [INFO] [31240] [Device.cpp:218] [Oreginum::Vulkan::Device::select_gpu] Selected GPU: NVIDIA GeForce MX130 (Rating: 3)
[22:23:18.727] [INFO] [31240] [Device.cpp:264] [Oreginum::Vulkan::Device::create_device] Vulkan logical device created successfully
[22:23:18.727] [INFO] [31240] [Device.cpp:18] [Oreginum::Vulkan::Device::Device] Vulkan device created successfully
[22:23:18.728] [INFO] [31240] [Main Renderer.cpp:288] [Oreginum::Main_Renderer::initialize] Initializing main renderer
[22:23:18.728] [INFO] [31240] [Swapchain.cpp:11] [Oreginum::Vulkan::Swapchain::initialize] Initializing Vulkan swapchain
[22:23:22.531] [INFO] [31240] [Swapchain.cpp:61] [Oreginum::Vulkan::Swapchain::initialize] Created swapchain with 2 images
[22:23:22.546] [INFO] [31240] [Swapchain.cpp:71] [Oreginum::Vulkan::Swapchain::initialize] Swapchain initialized successfully
[22:23:22.828] [INFO] [31240] [Main Renderer.cpp:381] [Oreginum::Main_Renderer::initialize] Main renderer initialized successfully
[22:23:22.828] [INFO] [31240] [Renderer Core.cpp:122] [Oreginum::Renderer_Core::initialize] Renderer Core initialized successfully
[22:23:22.828] [INFO] [31240] [Core.cpp:58] [Oreginum::Core::initialize] Core systems initialized successfully
[22:23:22.828] [INFO] [31240] [World.cpp:10] [Tetra::World::World] Initializing world system
[22:23:22.828] [INFO] [31240] [World.cpp:31] [Tetra::World::World] Player spawn position: (0.000000, -100.000000, 0.000000)
[22:23:22.828] [INFO] [31240] [World.cpp:33] [Tetra::World::World] Initial chunk position: (0, -1, 0)
[22:23:24.522] [INFO] [31240] [World.cpp:48] [Tetra::World::World] Loaded 1445 initial chunks
[22:23:24.522] [INFO] [31240] [World.cpp:51] [Tetra::World::World] Starting initial world population
[22:23:29.126] [INFO] [31240] [World.cpp:53] [Tetra::World::World] Initial world population completed
[22:23:29.126] [INFO] [31240] [Main.cpp:26] [WinMain] Entering main game loop
[22:24:22.954] [INFO] [31240] [Main.cpp:42] [WinMain] Main game loop exited
[22:24:22.954] [INFO] [31240] [Core.cpp:74] [Oreginum::Core::destroy] Shutting down Voxceleron2 Engine
[22:24:22.954] [INFO] [31240] [Window.cpp:108] [Oreginum::Window::destroy] Destroying window
[22:24:22.988] [INFO] [31240] [MemoryTracker.cpp:31] [Oreginum::MemoryTracker::log_stats] Memory Statistics:
[22:24:22.988] [INFO] [31240] [MemoryTracker.cpp:32] [Oreginum::MemoryTracker::log_stats]   Total allocated: 0 bytes
[22:24:22.988] [INFO] [31240] [MemoryTracker.cpp:33] [Oreginum::MemoryTracker::log_stats]   Total deallocated: 0 bytes
[22:24:22.988] [INFO] [31240] [MemoryTracker.cpp:34] [Oreginum::MemoryTracker::log_stats]   Current usage: 0 bytes
[22:24:22.989] [INFO] [31240] [MemoryTracker.cpp:35] [Oreginum::MemoryTracker::log_stats]   Peak usage: 0 bytes
[22:24:22.989] [INFO] [31240] [MemoryTracker.cpp:36] [Oreginum::MemoryTracker::log_stats]   Active allocations: 0

======================================
Voxceleron2 Engine Log Ended
Ended at: 2025-12-20 22:24:22
======================================
