=== Voxceleron2 Engine Log Started ===
Started at: 2025-12-20 03:24:00
Minimum log level: 2
======================================

[03:24:00.750] [INFO] [32496] [Core.cpp:37] [Oreginum::Core::initialize] Initializing Voxceleron2 Engine
[03:24:00.750] [INFO] [32496] [Core.cpp:38] [Oreginum::Core::initialize] Title: Voxceleron2, Resolution: 1920x1080
[03:24:00.750] [INFO] [32496] [Core.cpp:39] [Oreginum::Core::initialize] VSync: disabled
[03:24:00.750] [INFO] [32496] [Core.cpp:40] [Oreginum::Core::initialize] Debug mode: disabled
[03:24:00.752] [INFO] [32496] [Window.cpp:56] [Oreginum::Window::initialize] Initializing window
[03:24:00.824] [INFO] [32496] [Window.cpp:103] [Oreginum::Window::initialize] Window created successfully
[03:24:00.826] [INFO] [32496] [Renderer Core.cpp:71] [Oreginum::Renderer_Core::initialize] Initializing Renderer Core
[03:24:01.990] [INFO] [32496] [Device.cpp:12] [Oreginum::Vulkan::Device::Device] Creating Vulkan device
[03:24:01.999] [INFO] [32496] [Device.cpp:115] [Oreginum::Vulkan::Device::select_gpu] Found 2 GPU(s)
[03:24:02.011] [INFO] [32496] [Device.cpp:218] [Oreginum::Vulkan::Device::select_gpu] Selected GPU: NVIDIA GeForce MX130 (Rating: 3)
[03:24:02.265] [INFO] [32496] [Device.cpp:264] [Oreginum::Vulkan::Device::create_device] Vulkan logical device created successfully
[03:24:02.265] [INFO] [32496] [Device.cpp:18] [Oreginum::Vulkan::Device::Device] Vulkan device created successfully
[03:24:02.266] [INFO] [32496] [Main Renderer.cpp:288] [Oreginum::Main_Renderer::initialize] Initializing main renderer
[03:24:02.266] [INFO] [32496] [Swapchain.cpp:11] [Oreginum::Vulkan::Swapchain::initialize] Initializing Vulkan swapchain
[03:24:07.230] [INFO] [32496] [Swapchain.cpp:61] [Oreginum::Vulkan::Swapchain::initialize] Created swapchain with 2 images
[03:24:07.244] [INFO] [32496] [Swapchain.cpp:71] [Oreginum::Vulkan::Swapchain::initialize] Swapchain initialized successfully
[03:24:07.490] [INFO] [32496] [Main Renderer.cpp:381] [Oreginum::Main_Renderer::initialize] Main renderer initialized successfully
[03:24:07.490] [INFO] [32496] [Renderer Core.cpp:122] [Oreginum::Renderer_Core::initialize] Renderer Core initialized successfully
[03:24:07.491] [INFO] [32496] [Core.cpp:58] [Oreginum::Core::initialize] Core systems initialized successfully
[03:24:07.491] [INFO] [32496] [World.cpp:10] [Tetra::World::World] Initializing world system
[03:24:07.491] [INFO] [32496] [World.cpp:31] [Tetra::World::World] Player spawn position: (0.000000, -100.000000, 0.000000)
[03:24:07.491] [INFO] [32496] [World.cpp:33] [Tetra::World::World] Initial chunk position: (0, -1, 0)
[03:24:10.186] [INFO] [32496] [World.cpp:48] [Tetra::World::World] Loaded 1445 initial chunks
[03:24:10.186] [INFO] [32496] [World.cpp:51] [Tetra::World::World] Starting initial world population
[03:24:14.805] [INFO] [32496] [World.cpp:53] [Tetra::World::World] Initial world population completed
[03:24:14.805] [INFO] [32496] [Main.cpp:26] [WinMain] Entering main game loop
[03:24:31.712] [INFO] [32496] [Main.cpp:42] [WinMain] Main game loop exited
[03:24:31.712] [INFO] [32496] [Core.cpp:74] [Oreginum::Core::destroy] Shutting down Voxceleron2 Engine
[03:24:31.712] [INFO] [32496] [Window.cpp:108] [Oreginum::Window::destroy] Destroying window
[03:24:31.738] [INFO] [32496] [MemoryTracker.cpp:31] [Oreginum::MemoryTracker::log_stats] Memory Statistics:
[03:24:31.738] [INFO] [32496] [MemoryTracker.cpp:32] [Oreginum::MemoryTracker::log_stats]   Total allocated: 0 bytes
[03:24:31.738] [INFO] [32496] [MemoryTracker.cpp:33] [Oreginum::MemoryTracker::log_stats]   Total deallocated: 0 bytes
[03:24:31.738] [INFO] [32496] [MemoryTracker.cpp:34] [Oreginum::MemoryTracker::log_stats]   Current usage: 0 bytes
[03:24:31.738] [INFO] [32496] [MemoryTracker.cpp:35] [Oreginum::MemoryTracker::log_stats]   Peak usage: 0 bytes
[03:24:31.738] [INFO] [32496] [MemoryTracker.cpp:36] [Oreginum::MemoryTracker::log_stats]   Active allocations: 0

======================================
Voxceleron2 Engine Log Ended
Ended at: 2025-12-20 03:24:31
======================================
